
> frontend@0.0.0 prebuild
> npm run tokens:check


> frontend@0.0.0 tokens:check
> npm run tokens:validate && echo '✓ Design tokens are valid'


> frontend@0.0.0 tokens:validate
> tsc --noEmit src/styles/tokens/index.ts

✓ Design tokens are valid

> frontend@0.0.0 build
> tsc -b && vite build

vite v7.1.7 building for production...
transforming...
✓ 268 modules transformed.
rendering chunks...
computing gzip size...
dist/index.html                                           1.69 kB │ gzip:   0.74 kB
dist/assets/material-symbols-outlined-LrwXx7LW.woff2  3,785.18 kB
dist/assets/index-BIxSJbzt.css                           54.26 kB │ gzip:   7.26 kB
dist/assets/index-Dk4VWUYJ.js                           423.15 kB │ gzip: 133.42 kB
✓ built in 964ms
